To honour the JVM settings for this build a single-use Daemon process will be forked. For more on this, please refer to https://docs.gradle.org/8.8/userguide/gradle_daemon.html#sec:disabling_the_daemon in the Gradle documentation.
Daemon will be stopped at the end of the build 

> Configure project :
Java: 17.0.19, JVM: 17.0.19+9-LTS-183 (Oracle Corporation), Arch: amd64

> Task :compileJava
.\gradlew.bat : H:\Core\MCMod\AutoWindowSize\AutoWindowSize\src\main\java\com\jujumlqwq\autowindowsize\AutoWindowSize.j
ava:14: ����: �Ҳ�������
所在位置 行:1 字符: 159
+ ... dowSize\AutoWindowSize"; .\gradlew.bat build --no-daemon 2>&1 | Out-F ...
+                              ~~~~~~~~~~~~~~~~~~~~~~~~~~~~~~~~~~~~
    + CategoryInfo          : NotSpecified: (H:\Core\MCMod\A...����: �Ҳ�������:String) [], RemoteException
    + FullyQualifiedErrorId : NativeCommandError
 
import net.minecraft.network.chat.ChatFormatting;
                                 ^
  ����:   �� ChatFormatting
  λ��: ����� net.minecraft.network.chat
H:\Core\MCMod\AutoWindowSize\AutoWindowSize\src\main\java\com\jujumlqwq\autowindowsize\AutoWindowSize.java:144: ����: [
removal] ModLoadingContext �е� get() �ѹ�ʱ, �ұ��Ϊ��ɾ��
        ModLoadingContext.get().registerConfig(ModConfig.Type.CLIENT, Config.SPEC, "AutoWindowSize/config.toml");
                         ^
H:\Core\MCMod\AutoWindowSize\AutoWindowSize\src\main\java\com\jujumlqwq\autowindowsize\AutoWindowSize.java:145: ����: [
removal] FMLJavaModLoadingContext �е� get() �ѹ�ʱ, �ұ��Ϊ��ɾ��
        FMLJavaModLoadingContext.get().getModEventBus().addListener(this::onClientSetup);
                                ^
H:\Core\MCMod\AutoWindowSize\AutoWindowSize\src\main\java\com\jujumlqwq\autowindowsize\AutoWindowSize.java:146: ����: [
removal] FMLJavaModLoadingContext �е� get() �ѹ�ʱ, �ұ��Ϊ��ɾ��
        FMLJavaModLoadingContext.get().getModEventBus().addListener(this::onRegisterKeyMappings);
                                ^
H:\Core\MCMod\AutoWindowSize\AutoWindowSize\src\main\java\com\jujumlqwq\autowindowsize\AutoWindowSize.java:1068: ����: 
�Ҳ�������
                    "message.autowindowsize.help.page", page, HELP_TOTAL_PAGES).withStyle(ChatFormatting.AQUA), false);
                                                                                          ^
  ����:   ���� ChatFormatting
  λ��: �� CommandHandler
H:\Core\MCMod\AutoWindowSize\AutoWindowSize\src\main\java\com\jujumlqwq\autowindowsize\ConfigScreen.java:1161: ����: [r
emoval] ResourceLocation �е� ResourceLocation(String,String) �ѹ�ʱ, �ұ��Ϊ��ɾ��
                    ResourceLocation loc = new ResourceLocation("autowindowsize", "about/" + lang + ".txt");
                                           ^
2 ������
4 ������

> Task :compileJava FAILED

FAILURE: Build failed with an exception.

* What went wrong:
Execution failed for task ':compileJava'.
> Compilation failed; see the compiler error output for details.

* Try:
> Run with --info option to get more log output.
> Run with --scan to get full insights.

BUILD FAILED in 21s
1 actionable task: 1 executed
